v0.1 scene

*general
name=map01
author=tbe team
ambient=0.7, 0.7, 0.7, 1
znear=0.1
zfar=512

*additional
comment= First part of tutorial map.
screenshot=prototype.png
script=../scripts/map02.lua

*fog
color=1, 1, 1, 1
start=0
end=300

*skybox
front=../gfxart/skybox/white.png
back=../gfxart/skybox/white.png
top=../gfxart/skybox/white.png
bottom=../gfxart/skybox/white.png
left=../gfxart/skybox/white_grey.png
right=../gfxart/skybox/white_grey.png

+node
ambient=0,0,0,1
class=Light
diffuse=0.5,0.5,0.5,1
matrix=1,0,0,0,0,1,0,0,0,0,1,0,-13.1071,21.66,-37.7893,1
name=
radius=1
specular=0.05,0.05,0.05,1
type=Diri

+node
class=MapMark
matrix=1,0,0,0,0,1,0,0,0,0,1,0,0,11,0,1
name=spawnpoint

+node
class=MapMark
matrix=1,0,0,0,0,1,0,0,0,0,1,0,0,0,0,1
name=zone1
{
    !None_blackskin02.png:alpha=0
    !None_blackskin02.png:alphaThershold=0
    !None_blackskin02.png:backFaceCull=0
    !None_blackskin02.png:blendAdd=0
    !None_blackskin02.png:blendMod=1
    !None_blackskin02.png:blendMul=0
    !None_blackskin02.png:color=1, 1, 1, 1
    !None_blackskin02.png:colored=1
    !None_blackskin02.png:cullTrick=1
    !None_blackskin02.png:foged=1
    !None_blackskin02.png:frontFaceCull=0
    !None_blackskin02.png:lighted=0
    !None_blackskin02.png:texture:0=../models/pack00/blackskin001.png;modulate
    !None_blackskin02.png:textured=1
    .physic=ghost
    billBoarding=0,0
    class=OBJMesh
    filename=../models/pack00/centerblack2.obj
    matrix=1.19209e-007,1,5.96046e-008,0,-0.707107,1.19209e-007,-0.707107,0,-0.707107,5.96046e-008,0.707107,0,-5,13.5,-10,1
    name=centerblack2
    vertexScale=0.8,-0.8,0.8
}
{
    billBoarding=0,0
    class=OBJMesh
    filename=../models/pack00/object01_04.obj
    matrix=1,0,0,0,0,1,0,0,0,0,1,0,0,0,-80,1
    name=object01_04
    vertexScale=1,1,1
}
{
    billBoarding=0,0
    class=OBJMesh
    filename=../models/pack00/object01_04.obj
    matrix=1,0,0,0,0,1,0,0,0,0,1,0,0,0,-40,1
    name=object01_04
    vertexScale=1,1,1
}
{
    billBoarding=0,0
    class=OBJMesh
    filename=../models/pack00/object01_04.obj
    matrix=1,0,0,0,0,1,0,0,0,0,1,0,-20,0,-40,1
    name=object01_04
    vertexScale=1,1,1
}
{
    billBoarding=0,0
    class=OBJMesh
    filename=../models/pack00/object01_04.obj
    matrix=1,0,0,0,0,1,0,0,0,0,1,0,20,0,-40,1
    name=object01_04
    vertexScale=1,1,1
}
{
    billBoarding=0,0
    class=OBJMesh
    filename=../models/pack00/object01_04.obj
    matrix=1,0,0,0,0,1,0,0,0,0,1,0,-20,0,-60,1
    name=object01_04
    vertexScale=1,1,1
}
{
    billBoarding=0,0
    class=OBJMesh
    filename=../models/pack00/object01_04.obj
    matrix=1,0,0,0,0,1,0,0,0,0,1,0,20,0,-60,1
    name=object01_04
    vertexScale=1,1,1
}
{
    !None_blackskin01.png:alpha=0
    !None_blackskin01.png:alphaThershold=0
    !None_blackskin01.png:backFaceCull=0
    !None_blackskin01.png:blendAdd=0
    !None_blackskin01.png:blendMod=1
    !None_blackskin01.png:blendMul=0
    !None_blackskin01.png:color=1, 1, 1, 1
    !None_blackskin01.png:colored=1
    !None_blackskin01.png:cullTrick=1
    !None_blackskin01.png:foged=1
    !None_blackskin01.png:frontFaceCull=0
    !None_blackskin01.png:lighted=0
    !None_blackskin01.png:texture:0=../models/pack00/blackskin0004.png;modulate
    !None_blackskin01.png:textured=1
    .physic=ghost
    billBoarding=0,0
    class=OBJMesh
    filename=../models/pack00/centerblack.obj
    matrix=1,0,0,0,0,1,0,0,0,0,1,0,-20,10.02,-80,1
    name=centerblack
    vertexScale=0.2,0.2,0.2
}
{
    !None_blackskin01.png:alpha=0
    !None_blackskin01.png:alphaThershold=0
    !None_blackskin01.png:backFaceCull=0
    !None_blackskin01.png:blendAdd=0
    !None_blackskin01.png:blendMod=1
    !None_blackskin01.png:blendMul=0
    !None_blackskin01.png:color=1, 1, 1, 1
    !None_blackskin01.png:colored=1
    !None_blackskin01.png:cullTrick=1
    !None_blackskin01.png:foged=1
    !None_blackskin01.png:frontFaceCull=0
    !None_blackskin01.png:lighted=0
    !None_blackskin01.png:texture:0=../models/pack00/blackskin0004.png;modulate
    !None_blackskin01.png:textured=1
    .physic=ghost
    billBoarding=0,0
    class=OBJMesh
    filename=../models/pack00/centerblack.obj
    matrix=1,0,0,0,0,1,0,0,0,0,1,0,20,10.02,-80,1
    name=centerblack
    vertexScale=0.2,0.2,0.2
}
{
    !None_blackskin01.png:alpha=0
    !None_blackskin01.png:alphaThershold=0
    !None_blackskin01.png:backFaceCull=0
    !None_blackskin01.png:blendAdd=0
    !None_blackskin01.png:blendMod=1
    !None_blackskin01.png:blendMul=0
    !None_blackskin01.png:color=1, 1, 1, 1
    !None_blackskin01.png:colored=1
    !None_blackskin01.png:cullTrick=1
    !None_blackskin01.png:foged=1
    !None_blackskin01.png:frontFaceCull=0
    !None_blackskin01.png:lighted=0
    !None_blackskin01.png:texture:0=../models/pack00/blackskin0004.png;modulate
    !None_blackskin01.png:textured=1
    .physic=ghost
    billBoarding=0,0
    class=OBJMesh
    filename=../models/pack00/centerblack.obj
    matrix=1,0,0,0,0,1,0,0,0,0,1,0,20,10.02,-40,1
    name=centerblack
    vertexScale=0.2,0.2,0.2
}
{
    !None_blackskin01.png:alpha=0
    !None_blackskin01.png:alphaThershold=0
    !None_blackskin01.png:backFaceCull=0
    !None_blackskin01.png:blendAdd=0
    !None_blackskin01.png:blendMod=1
    !None_blackskin01.png:blendMul=0
    !None_blackskin01.png:color=1, 1, 1, 1
    !None_blackskin01.png:colored=1
    !None_blackskin01.png:cullTrick=1
    !None_blackskin01.png:foged=1
    !None_blackskin01.png:frontFaceCull=0
    !None_blackskin01.png:lighted=0
    !None_blackskin01.png:texture:0=../models/pack00/blackskin0004.png;modulate
    !None_blackskin01.png:textured=1
    .physic=ghost
    billBoarding=0,0
    class=OBJMesh
    filename=../models/pack00/centerblack.obj
    matrix=1,0,0,0,0,1,0,0,0,0,1,0,-20,10.02,-40,1
    name=centerblack
    vertexScale=0.2,0.2,0.2
}
{
    !None_blackskin01.png:alpha=0
    !None_blackskin01.png:alphaThershold=0
    !None_blackskin01.png:backFaceCull=0
    !None_blackskin01.png:blendAdd=0
    !None_blackskin01.png:blendMod=1
    !None_blackskin01.png:blendMul=0
    !None_blackskin01.png:color=1, 1, 1, 1
    !None_blackskin01.png:colored=1
    !None_blackskin01.png:cullTrick=1
    !None_blackskin01.png:foged=1
    !None_blackskin01.png:frontFaceCull=0
    !None_blackskin01.png:lighted=0
    !None_blackskin01.png:texture:0=../models/pack00/blackskin0004.png;modulate
    !None_blackskin01.png:textured=1
    .physic=ghost
    billBoarding=0,0
    class=OBJMesh
    filename=../models/pack00/centerblack.obj
    matrix=1,0,0,0,0,1,0,0,0,0,1,0,0,10.02,-25,1
    name=centerblack
    vertexScale=0.2,0.2,0.2
}
{
    !None_blackskin0003.png:alpha=0
    !None_blackskin0003.png:alphaThershold=0
    !None_blackskin0003.png:backFaceCull=0
    !None_blackskin0003.png:blendAdd=0
    !None_blackskin0003.png:blendMod=1
    !None_blackskin0003.png:blendMul=0
    !None_blackskin0003.png:color=1, 1, 1, 1
    !None_blackskin0003.png:colored=1
    !None_blackskin0003.png:cullTrick=1
    !None_blackskin0003.png:foged=1
    !None_blackskin0003.png:frontFaceCull=0
    !None_blackskin0003.png:lighted=1
    !None_blackskin0003.png:texture:0=../models/pack00/blackskin12.png;modulate
    !None_blackskin0003.png:textured=1
    .physic=ghost
    billBoarding=1,0
    class=OBJMesh
    filename=../models/pack00/plate01_horis.obj
    matrix=0.877416,-0,-0.47973,0,0,1,-0,0,0.47973,0,0.877416,0,0,12.5,-25,1
    name=plate01_horis
    vertexScale=0.25,0.25,0.25
}
{
    !None_blackskin01.png:alpha=0
    !None_blackskin01.png:alphaThershold=0
    !None_blackskin01.png:backFaceCull=0
    !None_blackskin01.png:blendAdd=0
    !None_blackskin01.png:blendMod=1
    !None_blackskin01.png:blendMul=0
    !None_blackskin01.png:color=1, 1, 1, 1
    !None_blackskin01.png:colored=1
    !None_blackskin01.png:cullTrick=1
    !None_blackskin01.png:foged=1
    !None_blackskin01.png:frontFaceCull=0
    !None_blackskin01.png:lighted=0
    !None_blackskin01.png:texture:0=../models/powercube/pc_jump.png;modulate
    !None_blackskin01.png:textured=1
    .physic=ghost
    billBoarding=0,0
    class=OBJMesh
    filename=../models/pack00/centerblack.obj
    matrix=1,0,0,0,0,1,0,0,0,0,1,0,0,10.02,0,1
    name=centerblack
    vertexScale=0.15,0.15,0.15
}
{
    billBoarding=0,0
    class=OBJMesh
    filename=../models/pack00/object01_02.obj
    matrix=1,0,0,0,0,1,0,0,0,0,1,0,0.5,7.5,-52.5,1
    name=object01_02
    vertexScale=1,1,1
}
{
    !None_black.png:alpha=0
    !None_black.png:alphaThershold=0
    !None_black.png:backFaceCull=0
    !None_black.png:blendAdd=0
    !None_black.png:blendMod=0
    !None_black.png:blendMul=0
    !None_black.png:color=1, 1, 1, 1
    !None_black.png:colored=1
    !None_black.png:cullTrick=0
    !None_black.png:foged=1
    !None_black.png:frontFaceCull=0
    !None_black.png:lighted=0
    !None_black.png:texture:0=../models/pack00/black.png;modulate
    !None_black.png:textured=1
    .physic=ghost
    billBoarding=0,0
    class=OBJMesh
    filename=../models/pack00/object02_02.obj
    matrix=1,0,0,0,0,1,0,0,0,0,1,0,0,10,-60,1
    name=object02_02
    vertexScale=0.25,-0.25,0.25
}
{
    !None_black.png:alpha=0
    !None_black.png:alphaThershold=0
    !None_black.png:backFaceCull=0
    !None_black.png:blendAdd=0
    !None_black.png:blendMod=0
    !None_black.png:blendMul=0
    !None_black.png:color=1, 1, 1, 1
    !None_black.png:colored=1
    !None_black.png:cullTrick=0
    !None_black.png:foged=1
    !None_black.png:frontFaceCull=0
    !None_black.png:lighted=0
    !None_black.png:texture:0=../models/pack00/black.png;modulate
    !None_black.png:textured=1
    .physic=ghost
    billBoarding=0,0
    class=OBJMesh
    filename=../models/pack00/object02_02.obj
    matrix=5.96046e-008,0,1,0,0,1,0,0,-1,0,5.96046e-008,0,0,10,-60,1
    name=object02_02
    vertexScale=0.25,-0.25,0.25
}
{
    !None_black.png:alpha=0
    !None_black.png:alphaThershold=0
    !None_black.png:backFaceCull=0
    !None_black.png:blendAdd=0
    !None_black.png:blendMod=0
    !None_black.png:blendMul=0
    !None_black.png:color=1, 1, 1, 1
    !None_black.png:colored=1
    !None_black.png:cullTrick=0
    !None_black.png:foged=1
    !None_black.png:frontFaceCull=0
    !None_black.png:lighted=0
    !None_black.png:texture:0=../models/pack00/black.png;modulate
    !None_black.png:textured=1
    .physic=ghost
    billBoarding=0,0
    class=OBJMesh
    filename=../models/pack00/object02_02.obj
    matrix=-1,0,-8.74228e-008,0,0,1,0,0,8.74228e-008,-0,-1,0,0,10,-60,1
    name=object02_02
    vertexScale=0.25,-0.25,0.25
}
{
    !None_black.png:alpha=0
    !None_black.png:alphaThershold=0
    !None_black.png:backFaceCull=0
    !None_black.png:blendAdd=0
    !None_black.png:blendMod=0
    !None_black.png:blendMul=0
    !None_black.png:color=1, 1, 1, 1
    !None_black.png:colored=1
    !None_black.png:cullTrick=0
    !None_black.png:foged=1
    !None_black.png:frontFaceCull=0
    !None_black.png:lighted=0
    !None_black.png:texture:0=../models/pack00/black.png;modulate
    !None_black.png:textured=1
    .physic=ghost
    billBoarding=0,0
    class=OBJMesh
    filename=../models/pack00/object02_02.obj
    matrix=5.96046e-008,-0,-1,0,0,1,-0,0,1,0,5.96046e-008,0,0,10,-60,1
    name=object02_02
    vertexScale=0.25,-0.25,0.25
}
{
    !None_texture.png:alpha=0
    !None_texture.png:alphaThershold=0
    !None_texture.png:backFaceCull=0
    !None_texture.png:blendAdd=0
    !None_texture.png:blendMod=1
    !None_texture.png:blendMul=0
    !None_texture.png:color=1, 1, 1, 1
    !None_texture.png:colored=1
    !None_texture.png:cullTrick=0
    !None_texture.png:foged=1
    !None_texture.png:frontFaceCull=0
    !None_texture.png:lighted=1
    !None_texture.png:texture:0=../models/powercube/green.png;modulate
    !None_texture.png:textured=1
    .physic=ghost
    billBoarding=0,0
    class=OBJMesh
    filename=../models/pack00/object01_03.obj
    matrix=1,0,0,0,0,1,0,0,0,0,1,0,0,15,-60,1
    name=object01_03
    vertexScale=0.75,0.75,0.75
}
{
    !None_black.png:alpha=0
    !None_black.png:alphaThershold=0
    !None_black.png:backFaceCull=0
    !None_black.png:blendAdd=0
    !None_black.png:blendMod=0
    !None_black.png:blendMul=0
    !None_black.png:color=1, 1, 1, 1
    !None_black.png:colored=1
    !None_black.png:cullTrick=0
    !None_black.png:foged=1
    !None_black.png:frontFaceCull=0
    !None_black.png:lighted=0
    !None_black.png:texture:0=../models/pack00/black.png;modulate
    !None_black.png:textured=1
    .physic=ghost
    billBoarding=0,0
    class=OBJMesh
    filename=../models/pack00/object02_02.obj
    matrix=1,0,0,0,0,1,0,0,0,0,1,0,0,20,-60,1
    name=object02_02
    vertexScale=0.25,0.25,0.25
}
{
    !None_black.png:alpha=0
    !None_black.png:alphaThershold=0
    !None_black.png:backFaceCull=0
    !None_black.png:blendAdd=0
    !None_black.png:blendMod=0
    !None_black.png:blendMul=0
    !None_black.png:color=1, 1, 1, 1
    !None_black.png:colored=1
    !None_black.png:cullTrick=0
    !None_black.png:foged=1
    !None_black.png:frontFaceCull=0
    !None_black.png:lighted=0
    !None_black.png:texture:0=../models/pack00/black.png;modulate
    !None_black.png:textured=1
    .physic=ghost
    billBoarding=0,0
    class=OBJMesh
    filename=../models/pack00/object02_02.obj
    matrix=5.96046e-008,0,1,0,0,1,0,0,-1,0,5.96046e-008,0,0,20,-60,1
    name=object02_02
    vertexScale=0.25,0.25,0.25
}
{
    !None_black.png:alpha=0
    !None_black.png:alphaThershold=0
    !None_black.png:backFaceCull=0
    !None_black.png:blendAdd=0
    !None_black.png:blendMod=0
    !None_black.png:blendMul=0
    !None_black.png:color=1, 1, 1, 1
    !None_black.png:colored=1
    !None_black.png:cullTrick=0
    !None_black.png:foged=1
    !None_black.png:frontFaceCull=0
    !None_black.png:lighted=0
    !None_black.png:texture:0=../models/pack00/black.png;modulate
    !None_black.png:textured=1
    .physic=ghost
    billBoarding=0,0
    class=OBJMesh
    filename=../models/pack00/object02_02.obj
    matrix=-1,0,-8.74228e-008,0,0,1,0,0,8.74228e-008,-0,-1,0,0,20,-60,1
    name=object02_02
    vertexScale=0.25,0.25,0.25
}
{
    billBoarding=0,0
    class=OBJMesh
    filename=../models/pack00/object01_02.obj
    matrix=1,0,0,0,0,1,0,0,0,0,1,0,-7.5,-7.5,-67.5,1
    name=object01_02
    vertexScale=1,1,1
}
{
    billBoarding=0,0
    class=OBJMesh
    filename=../models/pack00/object01_04.obj
    matrix=1,0,0,0,0,1,0,0,0,0,1,0,0,0,0,1
    name=object01_04
    vertexScale=1,1,1
}
{
    ambient=0,0,0,1
    class=Light
    diffuse=0,0,0,1
    matrix=1,0,0,0,0,1,0,0,0,0,1,0,-29.7726,45,-93.3711,1
    name=
    radius=20
    specular=0.45,0.45,0.45,1
    type=Point
}
{
    class=MapMark
    matrix=1,0,0,0,0,1,0,0,0,0,1,0,0,10,-60,1
    name=
}
{
    billBoarding=0,0
    class=OBJMesh
    filename=../models/pack00/object01_04.obj
    matrix=1,0,0,0,0,1,0,0,0,0,1,0,20,0,-80,1
    name=object01_04
    vertexScale=1,1,1
}
{
    billBoarding=0,0
    class=OBJMesh
    filename=../models/pack00/object01_04.obj
    matrix=1,0,0,0,0,1,0,0,0,0,1,0,-20,0,-80,1
    name=object01_04
    vertexScale=1,1,1
}
{
    !None_blackskin0003.png:alpha=0
    !None_blackskin0003.png:alphaThershold=0
    !None_blackskin0003.png:backFaceCull=0
    !None_blackskin0003.png:blendAdd=0
    !None_blackskin0003.png:blendMod=1
    !None_blackskin0003.png:blendMul=0
    !None_blackskin0003.png:color=1, 1, 1, 1
    !None_blackskin0003.png:colored=1
    !None_blackskin0003.png:cullTrick=1
    !None_blackskin0003.png:foged=1
    !None_blackskin0003.png:frontFaceCull=0
    !None_blackskin0003.png:lighted=1
    !None_blackskin0003.png:texture:0=../models/pack00/blackskin12.png;modulate
    !None_blackskin0003.png:textured=1
    .physic=ghost
    billBoarding=1,0
    class=OBJMesh
    filename=../models/pack00/plate01_horis.obj
    matrix=0.818033,-0,-0.575171,0,0,1,-0,0,0.575171,0,0.818033,0,-20,12.5,-40,1
    name=plate01_horis
    vertexScale=0.25,0.25,0.25
}
{
    !None_blackskin0003.png:alpha=0
    !None_blackskin0003.png:alphaThershold=0
    !None_blackskin0003.png:backFaceCull=0
    !None_blackskin0003.png:blendAdd=0
    !None_blackskin0003.png:blendMod=1
    !None_blackskin0003.png:blendMul=0
    !None_blackskin0003.png:color=1, 1, 1, 1
    !None_blackskin0003.png:colored=1
    !None_blackskin0003.png:cullTrick=1
    !None_blackskin0003.png:foged=1
    !None_blackskin0003.png:frontFaceCull=0
    !None_blackskin0003.png:lighted=1
    !None_blackskin0003.png:texture:0=../models/pack00/blackskin12.png;modulate
    !None_blackskin0003.png:textured=1
    .physic=ghost
    billBoarding=1,0
    class=OBJMesh
    filename=../models/pack00/plate01_horis.obj
    matrix=0.908655,-0,-0.417548,0,0,1,-0,0,0.417548,0,0.908655,0,-20,12.5,-80,1
    name=plate01_horis
    vertexScale=0.25,0.25,0.25
}
{
    !None_blackskin0003.png:alpha=0
    !None_blackskin0003.png:alphaThershold=0
    !None_blackskin0003.png:backFaceCull=0
    !None_blackskin0003.png:blendAdd=0
    !None_blackskin0003.png:blendMod=1
    !None_blackskin0003.png:blendMul=0
    !None_blackskin0003.png:color=1, 1, 1, 1
    !None_blackskin0003.png:colored=1
    !None_blackskin0003.png:cullTrick=1
    !None_blackskin0003.png:foged=1
    !None_blackskin0003.png:frontFaceCull=0
    !None_blackskin0003.png:lighted=1
    !None_blackskin0003.png:texture:0=../models/pack00/blackskin12.png;modulate
    !None_blackskin0003.png:textured=1
    .physic=ghost
    billBoarding=1,0
    class=OBJMesh
    filename=../models/pack00/plate01_horis.obj
    matrix=0.993667,-0,-0.112361,0,0,1,-0,0,0.112361,0,0.993667,0,20,12.5,-80,1
    name=plate01_horis
    vertexScale=0.25,0.25,0.25
}
{
    !None_blackskin0003.png:alpha=0
    !None_blackskin0003.png:alphaThershold=0
    !None_blackskin0003.png:backFaceCull=0
    !None_blackskin0003.png:blendAdd=0
    !None_blackskin0003.png:blendMod=1
    !None_blackskin0003.png:blendMul=0
    !None_blackskin0003.png:color=1, 1, 1, 1
    !None_blackskin0003.png:colored=1
    !None_blackskin0003.png:cullTrick=1
    !None_blackskin0003.png:foged=1
    !None_blackskin0003.png:frontFaceCull=0
    !None_blackskin0003.png:lighted=1
    !None_blackskin0003.png:texture:0=../models/pack00/blackskin12.png;modulate
    !None_blackskin0003.png:textured=1
    .physic=ghost
    billBoarding=1,0
    class=OBJMesh
    filename=../models/pack00/plate01_horis.obj
    matrix=0.98536,-0,-0.170486,0,0,1,-0,0,0.170486,0,0.98536,0,20,12.5,-40,1
    name=plate01_horis
    vertexScale=0.25,0.25,0.25
}
{
    !None_black.png:alpha=0
    !None_black.png:alphaThershold=0
    !None_black.png:backFaceCull=0
    !None_black.png:blendAdd=0
    !None_black.png:blendMod=0
    !None_black.png:blendMul=0
    !None_black.png:color=1, 1, 1, 1
    !None_black.png:colored=1
    !None_black.png:cullTrick=0
    !None_black.png:foged=1
    !None_black.png:frontFaceCull=0
    !None_black.png:lighted=0
    !None_black.png:texture:0=../models/pack00/black.png;modulate
    !None_black.png:textured=1
    .physic=ghost
    billBoarding=0,0
    class=OBJMesh
    filename=../models/pack00/object02_02.obj
    matrix=5.96046e-008,-0,-1,0,0,1,-0,0,1,0,5.96046e-008,0,0,20,-60,1
    name=object02_02
    vertexScale=0.25,0.25,0.25
}
{
    !None_texture.png:alpha=0
    !None_texture.png:alphaThershold=0
    !None_texture.png:backFaceCull=0
    !None_texture.png:blendAdd=0
    !None_texture.png:blendMod=1
    !None_texture.png:blendMul=0
    !None_texture.png:color=1, 1, 1, 1
    !None_texture.png:colored=1
    !None_texture.png:cullTrick=0
    !None_texture.png:foged=1
    !None_texture.png:frontFaceCull=0
    !None_texture.png:lighted=1
    !None_texture.png:texture:0=../models/pack00/img/texture.png;modulate
    !None_texture.png:textured=1
    billBoarding=0,0
    class=OBJMesh
    filename=../models/pack00/object01_03.obj
    matrix=1,0,0,0,0,1,0,0,0,0,1,0,0,5,-15,1
    name=object01_03
    vertexScale=1,1,1
}
{
    !None_texture.png:alpha=0
    !None_texture.png:alphaThershold=0
    !None_texture.png:backFaceCull=0
    !None_texture.png:blendAdd=0
    !None_texture.png:blendMod=1
    !None_texture.png:blendMul=0
    !None_texture.png:color=1, 1, 1, 1
    !None_texture.png:colored=1
    !None_texture.png:cullTrick=0
    !None_texture.png:foged=1
    !None_texture.png:frontFaceCull=0
    !None_texture.png:lighted=1
    !None_texture.png:texture:0=../models/pack00/img/texture.png;modulate
    !None_texture.png:textured=1
    billBoarding=0,0
    class=OBJMesh
    filename=../models/pack00/object01_03.obj
    matrix=1,0,0,0,0,1,0,0,0,0,1,0,0,5,-25,1
    name=object01_03
    vertexScale=1,1,1
}
{
    !None_texture.png:alpha=0
    !None_texture.png:alphaThershold=0
    !None_texture.png:backFaceCull=0
    !None_texture.png:blendAdd=0
    !None_texture.png:blendMod=1
    !None_texture.png:blendMul=0
    !None_texture.png:color=1, 1, 1, 1
    !None_texture.png:colored=1
    !None_texture.png:cullTrick=0
    !None_texture.png:foged=1
    !None_texture.png:frontFaceCull=0
    !None_texture.png:lighted=1
    !None_texture.png:texture:0=../models/pack00/img/texture.png;modulate
    !None_texture.png:textured=1
    billBoarding=0,0
    class=OBJMesh
    filename=../models/pack00/object01_03.obj
    matrix=1,0,0,0,0,1,0,0,0,0,1,0,0,5,-60,1
    name=object01_03
    vertexScale=1,1,1
}

+node
class=MapMark
matrix=1,0,0,0,0,1,0,0,0,0,1,0,0,0,0,1
name=zone2
{
    !None_blackskin01.png:alpha=0
    !None_blackskin01.png:alphaThershold=0
    !None_blackskin01.png:backFaceCull=0
    !None_blackskin01.png:blendAdd=0
    !None_blackskin01.png:blendMod=1
    !None_blackskin01.png:blendMul=0
    !None_blackskin01.png:color=1, 1, 1, 1
    !None_blackskin01.png:colored=1
    !None_blackskin01.png:cullTrick=0
    !None_blackskin01.png:foged=1
    !None_blackskin01.png:frontFaceCull=0
    !None_blackskin01.png:lighted=0
    !None_blackskin01.png:texture:0=../models/pack00/blackskin0001.png;modulate
    !None_blackskin01.png:textured=1
    .physic=ghost
    billBoarding=0,0
    class=OBJMesh
    filename=../models/pack00/centerblack.obj
    matrix=1,0,0,0,0,1,0,0,0,0,1,0,-205,15.02,-35,1
    name=centerblack
    vertexScale=0.1,0.1,0.1
}
{
    !None_blackskin01.png:alpha=0
    !None_blackskin01.png:alphaThershold=0
    !None_blackskin01.png:backFaceCull=0
    !None_blackskin01.png:blendAdd=0
    !None_blackskin01.png:blendMod=1
    !None_blackskin01.png:blendMul=0
    !None_blackskin01.png:color=1, 1, 1, 1
    !None_blackskin01.png:colored=1
    !None_blackskin01.png:cullTrick=0
    !None_blackskin01.png:foged=1
    !None_blackskin01.png:frontFaceCull=0
    !None_blackskin01.png:lighted=0
    !None_blackskin01.png:texture:0=../models/pack00/blackskin0001.png;modulate
    !None_blackskin01.png:textured=1
    .physic=ghost
    billBoarding=0,0
    class=OBJMesh
    filename=../models/pack00/centerblack.obj
    matrix=1,0,0,0,0,1,0,0,0,0,1,0,-195,20.02,-65,1
    name=centerblack
    vertexScale=0.1,0.1,0.1
}
{
    !None_black.png:alpha=0
    !None_black.png:alphaThershold=0
    !None_black.png:backFaceCull=0
    !None_black.png:blendAdd=0
    !None_black.png:blendMod=0
    !None_black.png:blendMul=0
    !None_black.png:color=1, 1, 1, 1
    !None_black.png:colored=1
    !None_black.png:cullTrick=0
    !None_black.png:foged=1
    !None_black.png:frontFaceCull=0
    !None_black.png:lighted=0
    !None_black.png:texture:0=../models/pack00/black.png;modulate
    !None_black.png:textured=1
    .physic=ghost
    billBoarding=0,0
    class=OBJMesh
    filename=../models/pack00/object02_02.obj
    matrix=5.96046e-008,0,1,0,0,1,0,0,-1,0,5.96046e-008,0,-200,30,-80,1
    name=object02_02
    vertexScale=0.25,0.25,0.25
}
{
    !None_black.png:alpha=0
    !None_black.png:alphaThershold=0
    !None_black.png:backFaceCull=0
    !None_black.png:blendAdd=0
    !None_black.png:blendMod=0
    !None_black.png:blendMul=0
    !None_black.png:color=1, 1, 1, 1
    !None_black.png:colored=1
    !None_black.png:cullTrick=0
    !None_black.png:foged=1
    !None_black.png:frontFaceCull=0
    !None_black.png:lighted=0
    !None_black.png:texture:0=../models/pack00/black.png;modulate
    !None_black.png:textured=1
    .physic=ghost
    billBoarding=0,0
    class=OBJMesh
    filename=../models/pack00/object02_02.obj
    matrix=5.96046e-008,-0,-1,0,0,1,-0,0,1,0,5.96046e-008,0,-200,30,-80,1
    name=object02_02
    vertexScale=0.25,0.25,0.25
}
{
    !None_black.png:alpha=0
    !None_black.png:alphaThershold=0
    !None_black.png:backFaceCull=0
    !None_black.png:blendAdd=0
    !None_black.png:blendMod=0
    !None_black.png:blendMul=0
    !None_black.png:color=1, 1, 1, 1
    !None_black.png:colored=1
    !None_black.png:cullTrick=0
    !None_black.png:foged=1
    !None_black.png:frontFaceCull=0
    !None_black.png:lighted=0
    !None_black.png:texture:0=../models/pack00/black.png;modulate
    !None_black.png:textured=1
    .physic=ghost
    billBoarding=0,0
    class=OBJMesh
    filename=../models/pack00/object02_02.obj
    matrix=-1,0,8.74228e-008,0,0,1,-0,0,-8.74228e-008,0,-1,0,-200,30,-80,1
    name=object02_02
    vertexScale=0.25,0.25,0.25
}
{
    !None_blackskin01.png:alpha=0
    !None_blackskin01.png:alphaThershold=0
    !None_blackskin01.png:backFaceCull=0
    !None_blackskin01.png:blendAdd=0
    !None_blackskin01.png:blendMod=1
    !None_blackskin01.png:blendMul=0
    !None_blackskin01.png:color=1, 1, 1, 1
    !None_blackskin01.png:colored=1
    !None_blackskin01.png:cullTrick=1
    !None_blackskin01.png:foged=1
    !None_blackskin01.png:frontFaceCull=0
    !None_blackskin01.png:lighted=0
    !None_blackskin01.png:texture:0=../models/powercube/pc_jump.png;modulate
    !None_blackskin01.png:textured=1
    .physic=ghost
    billBoarding=0,0
    class=OBJMesh
    filename=../models/pack00/centerblack.obj
    matrix=1,0,0,0,0,1,0,0,0,0,1,0,-200,10.02,0,1
    name=centerblack
    vertexScale=0.2,0.2,0.2
}
{
    !None_blackskin01.png:alpha=0
    !None_blackskin01.png:alphaThershold=0
    !None_blackskin01.png:backFaceCull=0
    !None_blackskin01.png:blendAdd=0
    !None_blackskin01.png:blendMod=1
    !None_blackskin01.png:blendMul=0
    !None_blackskin01.png:color=1, 1, 1, 1
    !None_blackskin01.png:colored=1
    !None_blackskin01.png:cullTrick=1
    !None_blackskin01.png:foged=1
    !None_blackskin01.png:frontFaceCull=0
    !None_blackskin01.png:lighted=1
    !None_blackskin01.png:texture:0=../models/pack00/blackskin0002.png;modulate
    !None_blackskin01.png:textured=1
    .physic=ghost
    billBoarding=0,0
    class=OBJMesh
    filename=../models/pack00/centerblack.obj
    matrix=1.19209e-007,0,-1,0,1,1.19209e-007,0,0,0,-1,1.19209e-007,0,-195,18,-55,1
    name=centerblack
    vertexScale=1.06,0.89,0.91
}
{
    !None_texture.png:alpha=0
    !None_texture.png:alphaThershold=0
    !None_texture.png:backFaceCull=0
    !None_texture.png:blendAdd=0
    !None_texture.png:blendMod=1
    !None_texture.png:blendMul=0
    !None_texture.png:color=1, 1, 1, 1
    !None_texture.png:colored=1
    !None_texture.png:cullTrick=0
    !None_texture.png:foged=1
    !None_texture.png:frontFaceCull=0
    !None_texture.png:lighted=1
    !None_texture.png:texture:0=../models/powercube/pink.png;modulate
    !None_texture.png:textured=1
    .physic=ghost
    billBoarding=0,0
    class=OBJMesh
    filename=../models/pack00/object01_03.obj
    matrix=1,0,0,0,0,1,0,0,0,0,1,0,-200.002,25,-79.9435,1
    name=object01_03
    vertexScale=0.75,0.75,0.75
}
{
    .physic=ghost
    billBoarding=0,0
    class=OBJMesh
    filename=../models/pack00/object01_02.obj
    matrix=1,0,0,0,0,1,0,0,0,0,1,0,-200.5,17.5,-72.5,1
    name=object01_02
    vertexScale=1,1,1
}
{
    billBoarding=0,0
    class=OBJMesh
    filename=../models/pack00/object01_04.obj
    matrix=1,0,0,0,0,1,0,0,0,0,1,0,-200,0,0,1
    name=object01_04
    vertexScale=1,1,1
}
{
    !None_black.png:alpha=0
    !None_black.png:alphaThershold=0
    !None_black.png:backFaceCull=0
    !None_black.png:blendAdd=0
    !None_black.png:blendMod=0
    !None_black.png:blendMul=0
    !None_black.png:color=1, 1, 1, 1
    !None_black.png:colored=1
    !None_black.png:cullTrick=0
    !None_black.png:foged=1
    !None_black.png:frontFaceCull=0
    !None_black.png:lighted=0
    !None_black.png:texture:0=../models/pack00/black.png;modulate
    !None_black.png:textured=1
    .physic=ghost
    billBoarding=0,0
    class=OBJMesh
    filename=../models/pack00/object02_02.obj
    matrix=-1,0,-8.74228e-008,0,0,1,0,0,8.74228e-008,-0,-1,0,-200,20,-80,1
    name=object02_02
    vertexScale=0.25,-0.25,0.25
}
{
    !None_black.png:alpha=0
    !None_black.png:alphaThershold=0
    !None_black.png:backFaceCull=0
    !None_black.png:blendAdd=0
    !None_black.png:blendMod=0
    !None_black.png:blendMul=0
    !None_black.png:color=1, 1, 1, 1
    !None_black.png:colored=1
    !None_black.png:cullTrick=0
    !None_black.png:foged=1
    !None_black.png:frontFaceCull=0
    !None_black.png:lighted=0
    !None_black.png:texture:0=../models/pack00/black.png;modulate
    !None_black.png:textured=1
    .physic=ghost
    billBoarding=0,0
    class=OBJMesh
    filename=../models/pack00/object02_02.obj
    matrix=5.96046e-008,-0,-1,0,0,1,-0,0,1,0,5.96046e-008,0,-200,20,-80,1
    name=object02_02
    vertexScale=0.25,-0.25,0.25
}
{
    !None_black.png:alpha=0
    !None_black.png:alphaThershold=0
    !None_black.png:backFaceCull=0
    !None_black.png:blendAdd=0
    !None_black.png:blendMod=0
    !None_black.png:blendMul=0
    !None_black.png:color=1, 1, 1, 1
    !None_black.png:colored=1
    !None_black.png:cullTrick=0
    !None_black.png:foged=1
    !None_black.png:frontFaceCull=0
    !None_black.png:lighted=0
    !None_black.png:texture:0=../models/pack00/black.png;modulate
    !None_black.png:textured=1
    .physic=ghost
    billBoarding=0,0
    class=OBJMesh
    filename=../models/pack00/object02_02.obj
    matrix=5.96046e-008,0,1,0,0,1,0,0,-1,0,5.96046e-008,0,-200,20,-80,1
    name=object02_02
    vertexScale=0.25,-0.25,0.25
}
{
    !None_black.png:alpha=0
    !None_black.png:alphaThershold=0
    !None_black.png:backFaceCull=0
    !None_black.png:blendAdd=0
    !None_black.png:blendMod=0
    !None_black.png:blendMul=0
    !None_black.png:color=1, 1, 1, 1
    !None_black.png:colored=1
    !None_black.png:cullTrick=0
    !None_black.png:foged=1
    !None_black.png:frontFaceCull=0
    !None_black.png:lighted=0
    !None_black.png:texture:0=../models/pack00/black.png;modulate
    !None_black.png:textured=1
    .physic=ghost
    billBoarding=0,0
    class=OBJMesh
    filename=../models/pack00/object02_02.obj
    matrix=1,0,0,0,0,1,0,0,0,0,1,0,-200,30,-80,1
    name=object02_02
    vertexScale=0.25,0.25,0.25
}
{
    !None_black.png:alpha=0
    !None_black.png:alphaThershold=0
    !None_black.png:backFaceCull=0
    !None_black.png:blendAdd=0
    !None_black.png:blendMod=0
    !None_black.png:blendMul=0
    !None_black.png:color=1, 1, 1, 1
    !None_black.png:colored=1
    !None_black.png:cullTrick=0
    !None_black.png:foged=1
    !None_black.png:frontFaceCull=0
    !None_black.png:lighted=0
    !None_black.png:texture:0=../models/pack00/black.png;modulate
    !None_black.png:textured=1
    .physic=ghost
    billBoarding=0,0
    class=OBJMesh
    filename=../models/pack00/object02_02.obj
    matrix=1,0,0,0,0,1,0,0,0,0,1,0,-200,20,-80,1
    name=object02_02
    vertexScale=0.25,-0.25,0.25
}
{
    ambient=0,0,0,1
    class=Light
    diffuse=0,0,0,1
    matrix=1,0,0,0,0,1,0,0,0,0,1,0,-222.508,37.92,-68.2176,1
    name=
    radius=20
    specular=0.45,0.45,0.45,1
    type=Point
}
{
    !None_blackskin01.png:alpha=0
    !None_blackskin01.png:alphaThershold=0
    !None_blackskin01.png:backFaceCull=0
    !None_blackskin01.png:blendAdd=0
    !None_blackskin01.png:blendMod=1
    !None_blackskin01.png:blendMul=0
    !None_blackskin01.png:color=1, 1, 1, 1
    !None_blackskin01.png:colored=1
    !None_blackskin01.png:cullTrick=0
    !None_blackskin01.png:foged=1
    !None_blackskin01.png:frontFaceCull=0
    !None_blackskin01.png:lighted=0
    !None_blackskin01.png:texture:0=../models/pack00/blackskin0001.png;modulate
    !None_blackskin01.png:textured=1
    .physic=ghost
    billBoarding=0,0
    class=OBJMesh
    filename=../models/pack00/centerblack.obj
    matrix=1,0,0,0,0,1,0,0,0,0,1,0,-205,10.02,-25,1
    name=centerblack
    vertexScale=0.1,0.1,0.1
}
{
    !None_blackskin01.png:alpha=0
    !None_blackskin01.png:alphaThershold=0
    !None_blackskin01.png:backFaceCull=0
    !None_blackskin01.png:blendAdd=0
    !None_blackskin01.png:blendMod=1
    !None_blackskin01.png:blendMul=0
    !None_blackskin01.png:color=1, 1, 1, 1
    !None_blackskin01.png:colored=1
    !None_blackskin01.png:cullTrick=0
    !None_blackskin01.png:foged=1
    !None_blackskin01.png:frontFaceCull=0
    !None_blackskin01.png:lighted=0
    !None_blackskin01.png:texture:0=../models/pack00/blackskin0001.png;modulate
    !None_blackskin01.png:textured=1
    .physic=ghost
    billBoarding=0,0
    class=OBJMesh
    filename=../models/pack00/centerblack.obj
    matrix=1,0,0,0,0,1,0,0,0,0,1,0,-195,20.02,-45,1
    name=centerblack
    vertexScale=0.1,0.1,0.1
}
{
    !None_blackskin01.png:alpha=0
    !None_blackskin01.png:alphaThershold=0
    !None_blackskin01.png:backFaceCull=0
    !None_blackskin01.png:blendAdd=0
    !None_blackskin01.png:blendMod=1
    !None_blackskin01.png:blendMul=0
    !None_blackskin01.png:color=1, 1, 1, 1
    !None_blackskin01.png:colored=1
    !None_blackskin01.png:cullTrick=1
    !None_blackskin01.png:foged=1
    !None_blackskin01.png:frontFaceCull=0
    !None_blackskin01.png:lighted=1
    !None_blackskin01.png:texture:0=../models/pack00/blackskin0002.png;modulate
    !None_blackskin01.png:textured=1
    .physic=ghost
    billBoarding=0,0
    class=OBJMesh
    filename=../models/pack00/centerblack.obj
    matrix=0.945519,0.325568,0,0,0,-7.45058e-008,1,0,0.325568,-0.945519,-7.45058e-008,0,-199.35,16.1,-35,1
    name=centerblack
    vertexScale=0.59,0.56,0.58
}
{
    !None_blackskin02.png:alpha=0
    !None_blackskin02.png:alphaThershold=0
    !None_blackskin02.png:backFaceCull=0
    !None_blackskin02.png:blendAdd=0
    !None_blackskin02.png:blendMod=1
    !None_blackskin02.png:blendMul=0
    !None_blackskin02.png:color=1, 1, 1, 1
    !None_blackskin02.png:colored=1
    !None_blackskin02.png:cullTrick=1
    !None_blackskin02.png:foged=1
    !None_blackskin02.png:frontFaceCull=0
    !None_blackskin02.png:lighted=0
    !None_blackskin02.png:texture:0=../models/pack00/blackskin002.png;modulate
    !None_blackskin02.png:textured=1
    .physic=ghost
    billBoarding=0,0
    class=OBJMesh
    filename=../models/pack00/centerblack2.obj
    matrix=1.19209e-007,1,5.96046e-008,0,-0.707107,1.19209e-007,-0.707107,0,-0.707107,5.96046e-008,0.707107,0,-205,13.5,-10,1
    name=centerblack2
    vertexScale=0.8,-0.8,0.8
}
{
    !None_texture.png:alpha=0
    !None_texture.png:alphaThershold=0
    !None_texture.png:backFaceCull=0
    !None_texture.png:blendAdd=0
    !None_texture.png:blendMod=1
    !None_texture.png:blendMul=0
    !None_texture.png:color=1, 1, 1, 1
    !None_texture.png:colored=1
    !None_texture.png:cullTrick=0
    !None_texture.png:foged=1
    !None_texture.png:frontFaceCull=0
    !None_texture.png:lighted=1
    !None_texture.png:texture:0=../models/pack00/img/texture.png;modulate
    !None_texture.png:textured=1
    billBoarding=0,0
    class=OBJMesh
    filename=../models/pack00/object01_03.obj
    matrix=1,0,0,0,0,1,0,0,0,0,1,0,-200,5,-15,1
    name=object01_03
    vertexScale=1,1,1
}
{
    !None_blackskin01.png:alpha=0
    !None_blackskin01.png:alphaThershold=0
    !None_blackskin01.png:backFaceCull=0
    !None_blackskin01.png:blendAdd=0
    !None_blackskin01.png:blendMod=1
    !None_blackskin01.png:blendMul=0
    !None_blackskin01.png:color=1, 1, 1, 1
    !None_blackskin01.png:colored=1
    !None_blackskin01.png:cullTrick=0
    !None_blackskin01.png:foged=1
    !None_blackskin01.png:frontFaceCull=0
    !None_blackskin01.png:lighted=0
    !None_blackskin01.png:texture:0=../models/pack00/blackskin0001.png;modulate
    !None_blackskin01.png:textured=1
    .physic=ghost
    billBoarding=0,0
    class=OBJMesh
    filename=../models/pack00/centerblack.obj
    matrix=1,0,0,0,0,1,0,0,0,0,1,0,-195,20.02,-35,1
    name=centerblack
    vertexScale=0.1,0.1,0.1
}
{
    !None_blackskin01.png:alpha=0
    !None_blackskin01.png:alphaThershold=0
    !None_blackskin01.png:backFaceCull=0
    !None_blackskin01.png:blendAdd=0
    !None_blackskin01.png:blendMod=1
    !None_blackskin01.png:blendMul=0
    !None_blackskin01.png:color=1, 1, 1, 1
    !None_blackskin01.png:colored=1
    !None_blackskin01.png:cullTrick=1
    !None_blackskin01.png:foged=1
    !None_blackskin01.png:frontFaceCull=0
    !None_blackskin01.png:lighted=1
    !None_blackskin01.png:texture:0=../models/pack00/blackskin0002.png;modulate
    !None_blackskin01.png:textured=1
    .physic=ghost
    billBoarding=0,0
    class=OBJMesh
    filename=../models/pack00/centerblack.obj
    matrix=5.25117e-005,0.415011,-0.909816,0,1,0.00045228,0.00026384,0,0.000520885,-0.909816,-0.415011,0,-205,12,-30.3,1
    name=centerblack
    vertexScale=0.6,0.5,0.5
}
{
    !None_texture.png:alpha=0
    !None_texture.png:alphaThershold=0
    !None_texture.png:backFaceCull=0
    !None_texture.png:blendAdd=0
    !None_texture.png:blendMod=1
    !None_texture.png:blendMul=0
    !None_texture.png:color=1, 1, 1, 1
    !None_texture.png:colored=1
    !None_texture.png:cullTrick=0
    !None_texture.png:foged=1
    !None_texture.png:frontFaceCull=0
    !None_texture.png:lighted=1
    !None_texture.png:texture:0=../models/pack00/img/texture.png;modulate
    !None_texture.png:textured=1
    billBoarding=0,0
    class=OBJMesh
    filename=../models/pack00/object01_03.obj
    matrix=1,0,0,0,0,1,0,0,0,0,1,0,-195,5,-25,1
    name=object01_03
    vertexScale=1,1,1
}
{
    !None_texture.png:alpha=0
    !None_texture.png:alphaThershold=0
    !None_texture.png:backFaceCull=0
    !None_texture.png:blendAdd=0
    !None_texture.png:blendMod=1
    !None_texture.png:blendMul=0
    !None_texture.png:color=1, 1, 1, 1
    !None_texture.png:colored=1
    !None_texture.png:cullTrick=0
    !None_texture.png:foged=1
    !None_texture.png:frontFaceCull=0
    !None_texture.png:lighted=1
    !None_texture.png:texture:0=../models/pack00/img/texture.png;modulate
    !None_texture.png:textured=1
    billBoarding=0,0
    class=OBJMesh
    filename=../models/pack00/object01_03.obj
    matrix=1,0,0,0,0,1,0,0,0,0,1,0,-205,5,-25,1
    name=object01_03
    vertexScale=1,1,1
}
{
    !None_texture.png:alpha=0
    !None_texture.png:alphaThershold=0
    !None_texture.png:backFaceCull=0
    !None_texture.png:blendAdd=0
    !None_texture.png:blendMod=1
    !None_texture.png:blendMul=0
    !None_texture.png:color=1, 1, 1, 1
    !None_texture.png:colored=1
    !None_texture.png:cullTrick=0
    !None_texture.png:foged=1
    !None_texture.png:frontFaceCull=0
    !None_texture.png:lighted=1
    !None_texture.png:texture:0=../models/pack00/img/texture.png;modulate
    !None_texture.png:textured=1
    billBoarding=0,0
    class=OBJMesh
    filename=../models/pack00/object01_03.obj
    matrix=1,0,0,0,0,1,0,0,0,0,1,0,-195,15,-35,1
    name=object01_03
    vertexScale=1,1,1
}
{
    !None_texture.png:alpha=0
    !None_texture.png:alphaThershold=0
    !None_texture.png:backFaceCull=0
    !None_texture.png:blendAdd=0
    !None_texture.png:blendMod=1
    !None_texture.png:blendMul=0
    !None_texture.png:color=1, 1, 1, 1
    !None_texture.png:colored=1
    !None_texture.png:cullTrick=0
    !None_texture.png:foged=1
    !None_texture.png:frontFaceCull=0
    !None_texture.png:lighted=1
    !None_texture.png:texture:0=../models/pack00/img/texture.png;modulate
    !None_texture.png:textured=1
    billBoarding=0,0
    class=OBJMesh
    filename=../models/pack00/object01_03.obj
    matrix=1,0,0,0,0,1,0,0,0,0,1,0,-205,10,-35,1
    name=object01_03
    vertexScale=1,1,1
}
{
    !None_texture.png:alpha=0
    !None_texture.png:alphaThershold=0
    !None_texture.png:backFaceCull=0
    !None_texture.png:blendAdd=0
    !None_texture.png:blendMod=1
    !None_texture.png:blendMul=0
    !None_texture.png:color=1, 1, 1, 1
    !None_texture.png:colored=1
    !None_texture.png:cullTrick=0
    !None_texture.png:foged=1
    !None_texture.png:frontFaceCull=0
    !None_texture.png:lighted=1
    !None_texture.png:texture:0=../models/pack00/img/texture.png;modulate
    !None_texture.png:textured=1
    billBoarding=0,0
    class=OBJMesh
    filename=../models/pack00/object01_03.obj
    matrix=1,0,0,0,0,1,0,0,0,0,1,0,-195,15,-45,1
    name=object01_03
    vertexScale=1,1,1
}
{
    !None_texture.png:alpha=0
    !None_texture.png:alphaThershold=0
    !None_texture.png:backFaceCull=0
    !None_texture.png:blendAdd=0
    !None_texture.png:blendMod=1
    !None_texture.png:blendMul=0
    !None_texture.png:color=1, 1, 1, 1
    !None_texture.png:colored=1
    !None_texture.png:cullTrick=0
    !None_texture.png:foged=1
    !None_texture.png:frontFaceCull=0
    !None_texture.png:lighted=1
    !None_texture.png:texture:0=../models/pack00/img/texture.png;modulate
    !None_texture.png:textured=1
    billBoarding=0,0
    class=OBJMesh
    filename=../models/pack00/object01_03.obj
    matrix=1,0,0,0,0,1,0,0,0,0,1,0,-195,15,-65,1
    name=object01_03
    vertexScale=1,1,1
}
{
    !None_texture.png:alpha=0
    !None_texture.png:alphaThershold=0
    !None_texture.png:backFaceCull=0
    !None_texture.png:blendAdd=0
    !None_texture.png:blendMod=1
    !None_texture.png:blendMul=0
    !None_texture.png:color=1, 1, 1, 1
    !None_texture.png:colored=1
    !None_texture.png:cullTrick=0
    !None_texture.png:foged=1
    !None_texture.png:frontFaceCull=0
    !None_texture.png:lighted=1
    !None_texture.png:texture:0=../models/pack00/img/texture.png;modulate
    !None_texture.png:textured=1
    billBoarding=0,0
    class=OBJMesh
    filename=../models/pack00/object01_03.obj
    matrix=1,0,0,0,0,1,0,0,0,0,1,0,-205,15,-65,1
    name=object01_03
    vertexScale=1,1,1
}
{
    !None_texture.png:alpha=0
    !None_texture.png:alphaThershold=0
    !None_texture.png:backFaceCull=0
    !None_texture.png:blendAdd=0
    !None_texture.png:blendMod=1
    !None_texture.png:blendMul=0
    !None_texture.png:color=1, 1, 1, 1
    !None_texture.png:colored=1
    !None_texture.png:cullTrick=0
    !None_texture.png:foged=1
    !None_texture.png:frontFaceCull=0
    !None_texture.png:lighted=1
    !None_texture.png:texture:0=../models/pack00/img/texture.png;modulate
    !None_texture.png:textured=1
    billBoarding=0,0
    class=OBJMesh
    filename=../models/pack00/object01_03.obj
    matrix=1,0,0,0,0,1,0,0,0,0,1,0,-200,15,-80,1
    name=object01_03
    vertexScale=1,1,1
}

+node
class=MapMark
matrix=1,0,0,0,0,1,0,0,0,0,1,0,0,0,0,1
name=zone3
{
    billBoarding=0,0
    class=OBJMesh
    filename=../models/pack00/object01_04.obj
    matrix=1,0,0,0,0,1,0,0,0,0,1,0,200,0,0,1
    name=object01_04
    vertexScale=1,1,1
}
{
    !None_texture.png:alpha=0
    !None_texture.png:alphaThershold=0
    !None_texture.png:backFaceCull=0
    !None_texture.png:blendAdd=0
    !None_texture.png:blendMod=1
    !None_texture.png:blendMul=0
    !None_texture.png:color=1, 1, 1, 1
    !None_texture.png:colored=1
    !None_texture.png:cullTrick=0
    !None_texture.png:foged=1
    !None_texture.png:frontFaceCull=0
    !None_texture.png:lighted=1
    !None_texture.png:texture:0=../models/powercube/blue.png;modulate
    !None_texture.png:textured=1
    .physic=ghost
    billBoarding=0,0
    class=OBJMesh
    filename=../models/pack00/object01_03.obj
    matrix=1,0,0,0,0,1,0,0,0,0,1,0,200,15,-94.94,1
    name=object01_03
    vertexScale=0.75,0.75,0.75
}
{
    !None_texture.png:alpha=0
    !None_texture.png:alphaThershold=0
    !None_texture.png:backFaceCull=0
    !None_texture.png:blendAdd=0
    !None_texture.png:blendMod=0
    !None_texture.png:blendMul=1
    !None_texture.png:color=1, 1, 1, 1
    !None_texture.png:colored=1
    !None_texture.png:cullTrick=0
    !None_texture.png:foged=1
    !None_texture.png:frontFaceCull=0
    !None_texture.png:lighted=1
    !None_texture.png:texture:0=../models/powercube/black.png;modulate
    !None_texture.png:textured=1
    .physic=ghost
    billBoarding=0,0
    class=OBJMesh
    filename=../models/pack00/object01_03.obj
    matrix=1,0,0,0,0,1,0,0,0,0,1,0,200,15.02,-54.94,1
    name=object01_03
    vertexScale=1,1,1
    {
        !None_blackskin0003.png:alpha=0
        !None_blackskin0003.png:alphaThershold=0
        !None_blackskin0003.png:backFaceCull=0
        !None_blackskin0003.png:blendAdd=0
        !None_blackskin0003.png:blendMod=1
        !None_blackskin0003.png:blendMul=0
        !None_blackskin0003.png:color=1, 1, 1, 1
        !None_blackskin0003.png:colored=1
        !None_blackskin0003.png:cullTrick=1
        !None_blackskin0003.png:foged=1
        !None_blackskin0003.png:frontFaceCull=0
        !None_blackskin0003.png:lighted=0
        !None_blackskin0003.png:texture:0=../models/pack01/whiteskin0004.png;modulate
        !None_blackskin0003.png:textured=1
        .physic=ghost
        billBoarding=0,0
        class=OBJMesh
        filename=../models/pack00/plate01_horis.obj
        matrix=1,0,0,0,0,1,0,0,0,0,1,0,0,0,5.5,1
        name=plate01_horis
        vertexScale=0.25,0.25,0.25
    }
    {
        !None_blackskin0003.png:alpha=0
        !None_blackskin0003.png:alphaThershold=0
        !None_blackskin0003.png:backFaceCull=0
        !None_blackskin0003.png:blendAdd=0
        !None_blackskin0003.png:blendMod=1
        !None_blackskin0003.png:blendMul=0
        !None_blackskin0003.png:color=1, 1, 1, 1
        !None_blackskin0003.png:colored=1
        !None_blackskin0003.png:cullTrick=1
        !None_blackskin0003.png:foged=1
        !None_blackskin0003.png:frontFaceCull=0
        !None_blackskin0003.png:lighted=0
        !None_blackskin0003.png:texture:0=../models/pack01/whiteskin000.png;modulate
        !None_blackskin0003.png:textured=1
        .physic=ghost
        billBoarding=0,0
        class=OBJMesh
        filename=../models/pack00/plate01_horis.obj
        matrix=1,0,0,0,0,1,0,0,0,0,1,0,0,0,5.1,1
        name=plate01_horis
        vertexScale=0.5,0.5,0.5
    }
}
{
    !None_black.png:alpha=0
    !None_black.png:alphaThershold=0
    !None_black.png:backFaceCull=0
    !None_black.png:blendAdd=0
    !None_black.png:blendMod=0
    !None_black.png:blendMul=0
    !None_black.png:color=1, 1, 1, 1
    !None_black.png:colored=1
    !None_black.png:cullTrick=0
    !None_black.png:foged=1
    !None_black.png:frontFaceCull=0
    !None_black.png:lighted=0
    !None_black.png:texture:0=../models/pack00/black.png;modulate
    !None_black.png:textured=1
    .physic=ghost
    billBoarding=0,0
    class=OBJMesh
    filename=../models/pack00/object02_02.obj
    matrix=1,0,0,0,0,1,0,0,0,0,1,0,200,20,-95,1
    name=object02_02
    vertexScale=0.25,0.25,0.25
}
{
    !None_blackskin01.png:alpha=0
    !None_blackskin01.png:alphaThershold=0
    !None_blackskin01.png:backFaceCull=0
    !None_blackskin01.png:blendAdd=0
    !None_blackskin01.png:blendMod=1
    !None_blackskin01.png:blendMul=0
    !None_blackskin01.png:color=1, 1, 1, 1
    !None_blackskin01.png:colored=1
    !None_blackskin01.png:cullTrick=1
    !None_blackskin01.png:foged=1
    !None_blackskin01.png:frontFaceCull=0
    !None_blackskin01.png:lighted=0
    !None_blackskin01.png:texture:0=../models/powercube/pc_jump.png;modulate
    !None_blackskin01.png:textured=1
    .physic=ghost
    billBoarding=0,0
    class=OBJMesh
    filename=../models/pack00/centerblack.obj
    matrix=1,0,0,0,0,1,0,0,0,0,1,0,200,10.02,0,1
    name=centerblack
    vertexScale=0.2,0.2,0.2
}
{
    !None_blackskin01.png:alpha=0
    !None_blackskin01.png:alphaThershold=0
    !None_blackskin01.png:backFaceCull=0
    !None_blackskin01.png:blendAdd=0
    !None_blackskin01.png:blendMod=1
    !None_blackskin01.png:blendMul=0
    !None_blackskin01.png:color=1, 1, 1, 1
    !None_blackskin01.png:colored=1
    !None_blackskin01.png:cullTrick=1
    !None_blackskin01.png:foged=1
    !None_blackskin01.png:frontFaceCull=0
    !None_blackskin01.png:lighted=0
    !None_blackskin01.png:texture:0=../models/pack00/blackskin0004.png;modulate
    !None_blackskin01.png:textured=1
    .physic=ghost
    billBoarding=0,0
    class=OBJMesh
    filename=../models/pack00/centerblack.obj
    matrix=1,0,0,0,0,1,0,0,0,0,1,0,200,10.02,-30,1
    name=centerblack
    vertexScale=0.2,0.2,0.2
}
{
    !None_texture.png:alpha=0
    !None_texture.png:alphaThershold=0
    !None_texture.png:backFaceCull=0
    !None_texture.png:blendAdd=0
    !None_texture.png:blendMod=1
    !None_texture.png:blendMul=0
    !None_texture.png:color=1, 1, 1, 1
    !None_texture.png:colored=1
    !None_texture.png:cullTrick=0
    !None_texture.png:foged=1
    !None_texture.png:frontFaceCull=0
    !None_texture.png:lighted=1
    !None_texture.png:texture:0=../models/pack00/img/texture.png;modulate
    !None_texture.png:textured=1
    billBoarding=0,0
    class=OBJMesh
    filename=../models/pack00/object01_03.obj
    matrix=1,0,0,0,0,1,0,0,0,0,1,0,200,5,-15,1
    name=object01_03
    vertexScale=1,1,1
}
{
    !None_blackskin02.png:alpha=0
    !None_blackskin02.png:alphaThershold=0
    !None_blackskin02.png:backFaceCull=0
    !None_blackskin02.png:blendAdd=0
    !None_blackskin02.png:blendMod=1
    !None_blackskin02.png:blendMul=0
    !None_blackskin02.png:color=1, 1, 1, 1
    !None_blackskin02.png:colored=1
    !None_blackskin02.png:cullTrick=1
    !None_blackskin02.png:foged=1
    !None_blackskin02.png:frontFaceCull=0
    !None_blackskin02.png:lighted=1
    !None_blackskin02.png:texture:0=../models/pack00/blackskin003.png;modulate
    !None_blackskin02.png:textured=1
    .physic=ghost
    billBoarding=0,0
    class=OBJMesh
    filename=../models/pack00/centerblack2.obj
    matrix=1.19209e-007,-1,5.96046e-008,0,-0.707107,1.19209e-007,-0.707107,0,0.707107,5.96046e-008,-0.707107,0,195,13.5,-10,1
    name=centerblack2
    vertexScale=-0.8,0.8,-0.8
}
{
    billBoarding=0,0
    class=OBJMesh
    filename=../models/pack00/object01_04.obj
    matrix=1,0,0,0,0,1,0,0,0,0,1,0,200,0,-30,1
    name=object01_04
    vertexScale=1,1,1
}
{
    !None_black.png:alpha=0
    !None_black.png:alphaThershold=0
    !None_black.png:backFaceCull=0
    !None_black.png:blendAdd=0
    !None_black.png:blendMod=0
    !None_black.png:blendMul=0
    !None_black.png:color=1, 1, 1, 1
    !None_black.png:colored=1
    !None_black.png:cullTrick=0
    !None_black.png:foged=1
    !None_black.png:frontFaceCull=0
    !None_black.png:lighted=0
    !None_black.png:texture:0=../models/pack00/black.png;modulate
    !None_black.png:textured=1
    .physic=ghost
    billBoarding=0,0
    class=OBJMesh
    filename=../models/pack00/object02_02.obj
    matrix=-1,0,-8.74228e-008,0,0,1,0,0,8.74228e-008,-0,-1,0,200,20,-95,1
    name=object02_02
    vertexScale=0.25,0.25,0.25
}
{
    !None_black.png:alpha=0
    !None_black.png:alphaThershold=0
    !None_black.png:backFaceCull=0
    !None_black.png:blendAdd=0
    !None_black.png:blendMod=0
    !None_black.png:blendMul=0
    !None_black.png:color=1, 1, 1, 1
    !None_black.png:colored=1
    !None_black.png:cullTrick=0
    !None_black.png:foged=1
    !None_black.png:frontFaceCull=0
    !None_black.png:lighted=0
    !None_black.png:texture:0=../models/pack00/black.png;modulate
    !None_black.png:textured=1
    .physic=ghost
    billBoarding=0,0
    class=OBJMesh
    filename=../models/pack00/object02_02.obj
    matrix=1,0,0,0,0,1,0,0,0,0,1,0,200,10,-95,1
    name=object02_02
    vertexScale=0.25,-0.25,0.25
}
{
    !None_black.png:alpha=0
    !None_black.png:alphaThershold=0
    !None_black.png:backFaceCull=0
    !None_black.png:blendAdd=0
    !None_black.png:blendMod=0
    !None_black.png:blendMul=0
    !None_black.png:color=1, 1, 1, 1
    !None_black.png:colored=1
    !None_black.png:cullTrick=0
    !None_black.png:foged=1
    !None_black.png:frontFaceCull=0
    !None_black.png:lighted=0
    !None_black.png:texture:0=../models/pack00/black.png;modulate
    !None_black.png:textured=1
    .physic=ghost
    billBoarding=0,0
    class=OBJMesh
    filename=../models/pack00/object02_02.obj
    matrix=5.96046e-008,0,1,0,0,1,0,0,-1,0,5.96046e-008,0,200,10,-95,1
    name=object02_02
    vertexScale=0.25,-0.25,0.25
}
{
    !None_black.png:alpha=0
    !None_black.png:alphaThershold=0
    !None_black.png:backFaceCull=0
    !None_black.png:blendAdd=0
    !None_black.png:blendMod=0
    !None_black.png:blendMul=0
    !None_black.png:color=1, 1, 1, 1
    !None_black.png:colored=1
    !None_black.png:cullTrick=0
    !None_black.png:foged=1
    !None_black.png:frontFaceCull=0
    !None_black.png:lighted=0
    !None_black.png:texture:0=../models/pack00/black.png;modulate
    !None_black.png:textured=1
    .physic=ghost
    billBoarding=0,0
    class=OBJMesh
    filename=../models/pack00/object02_02.obj
    matrix=5.96046e-008,-0,-1,0,0,1,-0,0,1,0,5.96046e-008,0,200,10,-95,1
    name=object02_02
    vertexScale=0.25,-0.25,0.25
}
{
    !None_black.png:alpha=0
    !None_black.png:alphaThershold=0
    !None_black.png:backFaceCull=0
    !None_black.png:blendAdd=0
    !None_black.png:blendMod=0
    !None_black.png:blendMul=0
    !None_black.png:color=1, 1, 1, 1
    !None_black.png:colored=1
    !None_black.png:cullTrick=0
    !None_black.png:foged=1
    !None_black.png:frontFaceCull=0
    !None_black.png:lighted=0
    !None_black.png:texture:0=../models/pack00/black.png;modulate
    !None_black.png:textured=1
    .physic=ghost
    billBoarding=0,0
    class=OBJMesh
    filename=../models/pack00/object02_02.obj
    matrix=-1,0,-8.74228e-008,0,0,1,0,0,8.74228e-008,-0,-1,0,200,10,-95,1
    name=object02_02
    vertexScale=0.25,-0.25,0.25
}
{
    !None_black.png:alpha=0
    !None_black.png:alphaThershold=0
    !None_black.png:backFaceCull=0
    !None_black.png:blendAdd=0
    !None_black.png:blendMod=0
    !None_black.png:blendMul=0
    !None_black.png:color=1, 1, 1, 1
    !None_black.png:colored=1
    !None_black.png:cullTrick=0
    !None_black.png:foged=1
    !None_black.png:frontFaceCull=0
    !None_black.png:lighted=0
    !None_black.png:texture:0=../models/pack00/black.png;modulate
    !None_black.png:textured=1
    .physic=ghost
    billBoarding=0,0
    class=OBJMesh
    filename=../models/pack00/object02_02.obj
    matrix=5.96046e-008,-0,-1,0,0,1,-0,0,1,0,5.96046e-008,0,200,20,-95,1
    name=object02_02
    vertexScale=0.25,0.25,0.25
}
{
    !None_black.png:alpha=0
    !None_black.png:alphaThershold=0
    !None_black.png:backFaceCull=0
    !None_black.png:blendAdd=0
    !None_black.png:blendMod=0
    !None_black.png:blendMul=0
    !None_black.png:color=1, 1, 1, 1
    !None_black.png:colored=1
    !None_black.png:cullTrick=0
    !None_black.png:foged=1
    !None_black.png:frontFaceCull=0
    !None_black.png:lighted=0
    !None_black.png:texture:0=../models/pack00/black.png;modulate
    !None_black.png:textured=1
    .physic=ghost
    billBoarding=0,0
    class=OBJMesh
    filename=../models/pack00/object02_02.obj
    matrix=5.96046e-008,0,1,0,0,1,0,0,-1,0,5.96046e-008,0,200,20,-95,1
    name=object02_02
    vertexScale=0.25,0.25,0.25
}
{
    ambient=0,0,0,1
    class=Light
    diffuse=0,0,0,1
    matrix=1,0,0,0,0,1,0,0,0,0,1,0,178,37.92,-68.22,1
    name=
    radius=20
    specular=0.45,0.45,0.45,1
    type=Point
}
{
    !None_texture.png:alpha=0
    !None_texture.png:alphaThershold=0
    !None_texture.png:backFaceCull=0
    !None_texture.png:blendAdd=0
    !None_texture.png:blendMod=0
    !None_texture.png:blendMul=1
    !None_texture.png:color=1, 1, 1, 1
    !None_texture.png:colored=1
    !None_texture.png:cullTrick=0
    !None_texture.png:foged=1
    !None_texture.png:frontFaceCull=0
    !None_texture.png:lighted=1
    !None_texture.png:texture:0=../models/powercube/black.png;modulate
    !None_texture.png:textured=1
    billBoarding=0,0
    class=OBJMesh
    filename=../models/pack00/object01_03.obj
    matrix=1,0,0,0,0,1,0,0,0,0,1,0,200,15.02,-74.94,1
    name=object01_03
    vertexScale=1,1,1
    {
        !None_blackskin0003.png:alpha=0
        !None_blackskin0003.png:alphaThershold=0
        !None_blackskin0003.png:backFaceCull=0
        !None_blackskin0003.png:blendAdd=0
        !None_blackskin0003.png:blendMod=1
        !None_blackskin0003.png:blendMul=0
        !None_blackskin0003.png:color=1, 1, 1, 1
        !None_blackskin0003.png:colored=1
        !None_blackskin0003.png:cullTrick=1
        !None_blackskin0003.png:foged=1
        !None_blackskin0003.png:frontFaceCull=0
        !None_blackskin0003.png:lighted=0
        !None_blackskin0003.png:texture:0=../models/pack01/whiteskin0004.png;modulate
        !None_blackskin0003.png:textured=1
        .physic=ghost
        billBoarding=0,0
        class=OBJMesh
        filename=../models/pack00/plate01_horis.obj
        matrix=1,0,0,0,0,1,0,0,0,0,1,0,0,0,5.5,1
        name=plate01_horis
        vertexScale=0.25,0.25,0.25
    }
    {
        !None_blackskin0003.png:alpha=0
        !None_blackskin0003.png:alphaThershold=0
        !None_blackskin0003.png:backFaceCull=0
        !None_blackskin0003.png:blendAdd=0
        !None_blackskin0003.png:blendMod=1
        !None_blackskin0003.png:blendMul=0
        !None_blackskin0003.png:color=1, 1, 1, 1
        !None_blackskin0003.png:colored=1
        !None_blackskin0003.png:cullTrick=1
        !None_blackskin0003.png:foged=1
        !None_blackskin0003.png:frontFaceCull=0
        !None_blackskin0003.png:lighted=0
        !None_blackskin0003.png:texture:0=../models/pack01/whiteskin000.png;modulate
        !None_blackskin0003.png:textured=1
        .physic=ghost
        billBoarding=0,0
        class=OBJMesh
        filename=../models/pack00/plate01_horis.obj
        matrix=1,0,0,0,0,1,0,0,0,0,1,0,0,0,5.1,1
        name=plate01_horis
        vertexScale=0.5,0.5,0.5
    }
}
{
    !None_texture.png:alpha=0
    !None_texture.png:alphaThershold=0
    !None_texture.png:backFaceCull=0
    !None_texture.png:blendAdd=0
    !None_texture.png:blendMod=1
    !None_texture.png:blendMul=0
    !None_texture.png:color=1, 1, 1, 1
    !None_texture.png:colored=1
    !None_texture.png:cullTrick=0
    !None_texture.png:foged=1
    !None_texture.png:frontFaceCull=0
    !None_texture.png:lighted=1
    !None_texture.png:texture:0=../models/pack00/img/texture.png;modulate
    !None_texture.png:textured=1
    billBoarding=0,0
    class=OBJMesh
    filename=../models/pack00/object01_03.obj
    matrix=1,0,0,0,0,1,0,0,0,0,1,0,200,5,-55,1
    name=object01_03
    vertexScale=1,1,1
}
{
    !None_texture.png:alpha=0
    !None_texture.png:alphaThershold=0
    !None_texture.png:backFaceCull=0
    !None_texture.png:blendAdd=0
    !None_texture.png:blendMod=1
    !None_texture.png:blendMul=0
    !None_texture.png:color=1, 1, 1, 1
    !None_texture.png:colored=1
    !None_texture.png:cullTrick=0
    !None_texture.png:foged=1
    !None_texture.png:frontFaceCull=0
    !None_texture.png:lighted=1
    !None_texture.png:texture:0=../models/pack00/img/texture.png;modulate
    !None_texture.png:textured=1
    billBoarding=0,0
    class=OBJMesh
    filename=../models/pack00/object01_03.obj
    matrix=1,0,0,0,0,1,0,0,0,0,1,0,200,5,-75,1
    name=object01_03
    vertexScale=1,1,1
}
{
    !None_texture.png:alpha=0
    !None_texture.png:alphaThershold=0
    !None_texture.png:backFaceCull=0
    !None_texture.png:blendAdd=0
    !None_texture.png:blendMod=1
    !None_texture.png:blendMul=0
    !None_texture.png:color=1, 1, 1, 1
    !None_texture.png:colored=1
    !None_texture.png:cullTrick=0
    !None_texture.png:foged=1
    !None_texture.png:frontFaceCull=0
    !None_texture.png:lighted=1
    !None_texture.png:texture:0=../models/pack00/img/texture.png;modulate
    !None_texture.png:textured=1
    billBoarding=0,0
    class=OBJMesh
    filename=../models/pack00/object01_03.obj
    matrix=1,0,0,0,0,1,0,0,0,0,1,0,200,5,-95,1
    name=object01_03
    vertexScale=1,1,1
}

+node
!None_blackskingrille.png:alpha=0
!None_blackskingrille.png:alphaThershold=0
!None_blackskingrille.png:backFaceCull=0
!None_blackskingrille.png:blendAdd=0
!None_blackskingrille.png:blendMod=1
!None_blackskingrille.png:blendMul=0
!None_blackskingrille.png:color=1, 1, 1, 0.2
!None_blackskingrille.png:colored=1
!None_blackskingrille.png:cullTrick=0
!None_blackskingrille.png:foged=1
!None_blackskingrille.png:frontFaceCull=0
!None_blackskingrille.png:lighted=1
!None_blackskingrille.png:texture:0=../models/pack00/blackskingrille.png;modulate
!None_blackskingrille.png:textured=1
.physic=ghost
billBoarding=0,0
class=OBJMesh
filename=../models/pack00/object_grille.obj
matrix=1,0,0,0,0,1,0,0,0,0,1,0,0,-10.02,0,1
name=object_grille
vertexScale=10,10,10

